common:
  api_name: library_example
  api_version: v1
  organization_name: google-cloud
  proto_deps:
    - name: google-common-protos
  src_proto_paths:
    - googleapis/google/example/library/v1
  service_yaml: library_example.yaml
  gapic_yaml: library_example_gapic.yaml
  release_level: BETA
artifacts: []
